apiVersion: config.kubernetes.io/v1
kind: ResourceList
items:
- apiVersion: v1
  kind: ConfigMap
  metadata:
    name: my-config-map
    namespace: some-ns
    labels:
      foo: bar
    annotations:
      internal.config.kubernetes.io/path: _gen_configmap_my-config-map.yaml
  data:
    foo: bar
    footoo: barbar
functionConfig:
  apiVersion: fn.kpt.dev/v1alpha1
  kind: GenConfigMap
  metadata:
    name: literal-test
  configMapMetadata:
    name: my-config-map
    namespace: some-ns
    labels:
      foo: bar
  data:
  - type: literal
    key: foo
    value: bar
  - type: literal
    key: footoo
    value: barbar
