apiVersion: config.kubernetes.io/v1
kind: ResourceList
items:
- apiVersion: v1
  kind: ConfigMap
  metadata:
    name: my-meta-only-map
    namespace: yo
    labels:
      foo: bar
    annotations:
      internal.config.kubernetes.io/path: _gen_configmap_my-meta-only-map.yaml
functionConfig:
  apiVersion: fn.kpt.dev/v1alpha1
  kind: GenConfigMap
  metadata:
    name: meta-only-test
  configMapMetadata:
    name: my-meta-only-map
    labels:
      foo: bar
    namespace: yo
